// Jest Snapshot v1, https://goo.gl/fbAQLP

exports[`Route: 404 should match snapshot correctly 1`] = `
<DocumentFragment>
  <div
    class="bannerWrapper"
    data-testid="bannerWrapper"
    style=""
  >
    <style
      data-testid="colorThemeCSS"
    >
      :root {
 --theme-red-hue--input: 35.14875;
 --theme-green-hue--input: 43.08;
 --theme-blue-hue--input: 100.0275;
  }
    </style>
    <div
      class="bannerWrapperBgRadialGradient absolute w-[100%] h-[100%] flex justify-center grid content-center"
    />
    <div
      class="bannerWrapperBg"
    />
    <div
      class="bannerFrame"
    >
      <div
        class="bannerSpacer"
      />
      <div
        class="banner"
      >
        <div
          class="banner--section"
          style="--shadow-layer-ratio: 1;"
        >
          <div
            class="banner-alt--shadow"
          >
            <div
              class="banner-alt--shadow-drop"
            />
            <div
              class="banner-alt--shadow-bg"
            />
            <div
              class="banner--section--shadowCloneMaskLayer"
            >
              <div
                class="banner--section"
                style="--shadow-layer-ratio: 0;"
              >
                <div
                  class="banner-alt--shadow"
                >
                  <div
                    class="banner--section--shadowCloneMaskLayer"
                  />
                  <div
                    class="banner--header"
                  >
                    <div
                      class="banner-alt--header--bg-pattern--reflection"
                    />
                  </div>
                </div>
                <div
                  class="luminousBorder"
                >
                  <div
                    class="luminousBorderBackgroundIllumination"
                  >
                    <div
                      class="luminousBorder-left"
                    />
                    <div
                      class="luminousBorder-top"
                    />
                  </div>
                </div>
                <div
                  class="banner--innerFrame banner-alt--innerFrame"
                >
                  <div
                    class="luminousBorder"
                  >
                    <div
                      class="luminousBorderSurfaceReflection"
                    >
                      <div
                        class="luminousBorder-left"
                      />
                      <div
                        class="luminousBorder-top"
                      />
                    </div>
                  </div>
                  <div
                    class="banner--header"
                  >
                    <div
                      class="banner--logo-group"
                    >
                      <div
                        class="banner--header-logo"
                      />
                      <div
                        class="banner--logo-group--animationLayer"
                      />
                      <div
                        class="banner--logo-group--brightnessFilter"
                      />
                      <div
                        class="banner--logo-clickZone"
                      />
                      <div
                        class="banner--logo-group--hoverLayer"
                      />
                    </div>
                    <div
                      class="banner--header-caption"
                    >
                      404 NOT FOUND
                      <br />
                    </div>
                    <div
                      class="banner--header-caption--glowLayer"
                    >
                      <div
                        class="banner--header-caption--glowLayer-bg"
                      />
                      404 NOT FOUND
                      <br />
                    </div>
                    <a
                      href="/introduction"
                    >
                      <div
                        class="banner--header-button"
                      >
                        <div
                          class="banner--header-button-label"
                        >
                          documentation
                        </div>
                      </div>
                    </a>
                    <a
                      aria-label="PestoSaaS github repository for Nx-DOS"
                      href="https://github.com/PestoSaaS/Nx-DOS"
                      rel="noopener noreferrer"
                      target="_blank"
                    >
                      <div
                        class="banner--header-button iconButton"
                      >
                        <div />
                      </div>
                    </a>
                  </div>
                  <div
                    class="banner--caption"
                  >
                    Ooops, the requested URL doesn't exist...
                    <br />
                    <div
                      class="banner--caption--glowLayer"
                    >
                      Ooops, the requested URL doesn't exist...
                    </div>
                  </div>
                  <div
                    class="luminousBorder"
                  >
                    <div
                      class="luminousBorderBaseLayer"
                    >
                      <div
                        class="luminousBorder-left"
                      />
                      <div
                        class="luminousBorder-top"
                      />
                    </div>
                    <div
                      class="luminousBorderLowerBlurLayer"
                    >
                      <div
                        class="luminousBorder-left"
                      />
                      <div
                        class="luminousBorder-top"
                      />
                    </div>
                    <div
                      class="luminousBorderUpperBlurLayer"
                    >
                      <div
                        class="luminousBorder-left"
                      />
                      <div
                        class="luminousBorder-top"
                      />
                    </div>
                    <div
                      class="luminousBorderFrontLayer"
                    >
                      <div
                        class="luminousBorder-left"
                      />
                      <div
                        class="luminousBorder-top"
                      />
                    </div>
                  </div>
                </div>
              </div>
            </div>
            <div
              class="banner--header"
            >
              <div
                class="banner-alt--header--bg-pattern--reflection"
              />
            </div>
          </div>
          <div
            class="luminousBorder"
          >
            <div
              class="luminousBorderBackgroundIllumination"
            >
              <div
                class="luminousBorder-left"
              />
              <div
                class="luminousBorder-top"
              />
            </div>
          </div>
          <div
            class="banner--innerFrame banner-alt--innerFrame"
          >
            <div
              class="luminousBorder"
            >
              <div
                class="luminousBorderSurfaceReflection"
              >
                <div
                  class="luminousBorder-left"
                />
                <div
                  class="luminousBorder-top"
                />
              </div>
            </div>
            <div
              class="banner--header"
            >
              <div
                class="banner-alt--header--bg-pattern--reflection"
              />
              <div
                class="banner-alt--header--bg-pattern"
              />
              <div
                class="banner--logo-group--blur"
              >
                <div
                  class="banner--header-logo"
                />
                <div
                  class="banner--logo-group banner--logo-group--glowLayer"
                >
                  <div
                    class="banner--header-logo"
                  />
                  <div
                    class="banner--logo-group--animationLayer"
                  />
                </div>
              </div>
              <div
                class="banner--logo-group"
              >
                <div
                  class="banner--header-logo"
                />
                <div
                  class="banner--logo-group--animationLayer"
                  data-testid="animationLayer"
                />
                <div
                  class="banner--logo-group--brightnessFilter"
                />
                <div
                  class="banner--logo-clickZone"
                  data-testid="banner--logo-clickZone"
                />
                <div
                  class="banner--logo-group--hoverLayer"
                />
              </div>
              <div
                class="banner--header-caption"
              >
                404 NOT FOUND
                <br />
              </div>
              <div
                class="banner--header-caption--glowLayer"
              >
                <div
                  class="banner--header-caption--glowLayer-bg"
                />
                404 NOT FOUND
                <br />
              </div>
              <a
                href="/introduction"
              >
                <div
                  class="banner--header-button"
                >
                  <div
                    class="banner--header-button-label"
                  >
                    documentation
                  </div>
                </div>
              </a>
              <a
                aria-label="PestoSaaS github repository for Nx-DOS"
                href="https://github.com/PestoSaaS/Nx-DOS"
                rel="noopener noreferrer"
                target="_blank"
              >
                <div
                  class="banner--header-button iconButton"
                >
                  <div />
                </div>
              </a>
            </div>
            <div
              class="banner--caption"
            >
              Ooops, the requested URL doesn't exist...
              <br />
              <div
                class="banner--caption--glowLayer"
              >
                Ooops, the requested URL doesn't exist...
              </div>
            </div>
            <div
              class="luminousBorder"
            >
              <div
                class="luminousBorderBaseLayer"
              >
                <div
                  class="luminousBorder-left"
                />
                <div
                  class="luminousBorder-top"
                />
              </div>
              <div
                class="luminousBorderLowerBlurLayer"
              >
                <div
                  class="luminousBorder-left"
                />
                <div
                  class="luminousBorder-top"
                />
              </div>
              <div
                class="luminousBorderUpperBlurLayer"
              >
                <div
                  class="luminousBorder-left"
                />
                <div
                  class="luminousBorder-top"
                />
              </div>
              <div
                class="luminousBorderFrontLayer"
              >
                <div
                  class="luminousBorder-left"
                />
                <div
                  class="luminousBorder-top"
                />
              </div>
            </div>
          </div>
        </div>
      </div>
      <div
        class="bannerSpacer"
      />
    </div>
  </div>
</DocumentFragment>
`;
