// Jest Snapshot v1, https://goo.gl/fbAQLP

exports[`Nxdos - Documentation Site - Feature - Algolia Search should match snapshot correctly 1`] = `
<DocumentFragment>
  <div
    class="appWrapper"
    style="--view-breakpoint-switch-sm: 1;"
  >
    <div
      class="searchComponentFrame"
    >
      <div
        class="searchComponentFrameBg"
      />
      <div
        class="separator"
      >
        ▒▒▒▒▒▒▒▒▒▒▒▒▒▒▒▒▒▒▒▒▒▒▒▒▒▒▒▒▒
      </div>
      <div
        class="searchComponentCore"
      >
        <div
          class="asciiBorder"
        >
          ▒▒
        </div>
        <div
          class="searchFieldSpacer"
        >
          <div
            class="ais-SearchBox"
          >
            <form
              action=""
              class="ais-SearchBox-form searchFieldFrame"
              novalidate=""
              role="search"
            >
              <input
                aria-label="Search"
                autocapitalize="off"
                autocomplete="off"
                autocorrect="off"
                class="ais-SearchBox-input searchField searchField"
                maxlength="512"
                placeholder="search"
                spellcheck="false"
                type="search"
                value=""
              />
              <button
                class="ais-SearchBox-submit searchFieldSubmitButton"
                title="Submit the search query"
                type="submit"
              >
                <svg
                  aria-hidden="true"
                  class="ais-SearchBox-submitIcon searchFieldIcon"
                  height="10"
                  viewBox="0 0 40 40"
                  width="10"
                >
                  <path
                    d="M26.804 29.01c-2.832 2.34-6.465 3.746-10.426 3.746C7.333 32.756 0 25.424 0 16.378 0 7.333 7.333 0 16.378 0c9.046 0 16.378 7.333 16.378 16.378 0 3.96-1.406 7.594-3.746 10.426l10.534 10.534c.607.607.61 1.59-.004 2.202-.61.61-1.597.61-2.202.004L26.804 29.01zm-10.426.627c7.323 0 13.26-5.936 13.26-13.26 0-7.32-5.937-13.257-13.26-13.257C9.056 3.12 3.12 9.056 3.12 16.378c0 7.323 5.936 13.26 13.258 13.26z"
                  />
                </svg>
              </button>
              <button
                class="ais-SearchBox-reset searchFieldResetButton"
                hidden=""
                title="Clear the search query"
                type="reset"
              >
                <svg
                  aria-hidden="true"
                  class="ais-SearchBox-resetIcon searchFieldResetIcon"
                  height="10"
                  viewBox="0 0 20 20"
                  width="10"
                >
                  <path
                    d="M8.114 10L.944 2.83 0 1.885 1.886 0l.943.943L10 8.113l7.17-7.17.944-.943L20 1.886l-.943.943-7.17 7.17 7.17 7.17.943.944L18.114 20l-.943-.943-7.17-7.17-7.17 7.17-.944.943L0 18.114l.943-.943L8.113 10z"
                  />
                </svg>
              </button>
              <span
                class="ais-SearchBox-loadingIndicator"
                hidden=""
              >
                <svg
                  aria-hidden="true"
                  aria-label="Results are loading"
                  class="ais-SearchBox-loadingIcon"
                  height="16"
                  stroke="#444"
                  viewBox="0 0 38 38"
                  width="16"
                >
                  <g
                    fill="none"
                    fill-rule="evenodd"
                  >
                    <g
                      stroke-width="2"
                      transform="translate(1 1)"
                    >
                      <circle
                        cx="18"
                        cy="18"
                        r="18"
                        stroke-opacity=".5"
                      />
                      <path
                        d="M36 18c0-9.94-8.06-18-18-18"
                      >
                        <animatetransform
                          attributeName="transform"
                          dur="1s"
                          from="0 18 18"
                          repeatCount="indefinite"
                          to="360 18 18"
                          type="rotate"
                        />
                      </path>
                    </g>
                  </g>
                </svg>
              </span>
            </form>
          </div>
        </div>
        <div
          class="asciiBorder"
        >
          ▒▒
        </div>
      </div>
      <div
        class="separator"
      >
        ▒▒▒▒▒▒▒▒▒▒▒▒▒▒▒▒▒▒▒▒▒▒▒▒▒▒▒▒▒
      </div>
    </div>
    <div
      class="searchResultsContainer searchResultsContainer searchResultsContainer-active"
    >
      <div
        class="searchResults-hitsContainer--wrapper "
        data-testid="searchResults-hitsContainer--wrapper"
      >
        <div
          class="searchResults-hitsContainer--topBorderFrame"
        />
        <div
          class="searchResults-hitsContainer--bottomBorderFrame"
        />
        <div
          class="searchResults-hitsContainer searchResults-hitsContainer"
        >
          <ul
            class="searchResults-hitsContainer--list"
          >
            <li
              class="searchResults-hit--bucket"
            >
              <a
                href="devlogs/algolia-search"
              >
                <div
                  class="searchResults-hit--article"
                >
                  <div
                    class="searchResults-hit--article-bg"
                  />
                  Simple search integration using Algolia
                </div>
              </a>
              <ul
                class="searchResults-hit--listOfSubsections"
              >
                <a
                  href="devlogs/algolia-search#why-use-algolia?s=1"
                >
                  <li
                    class="searchResults-hit--subsection"
                  >
                    <div
                      class="searchResults-hit--order"
                    >
                      1
                    </div>
                    Why use Algolia?
                  </li>
                </a>
                <a
                  href="devlogs/algolia-search#integrating-algolia?s=1"
                >
                  <li
                    class="searchResults-hit--subsection"
                  >
                    <div
                      class="searchResults-hit--order"
                    >
                      2
                    </div>
                    Integrating Algolia
                  </li>
                </a>
                <a
                  href="devlogs/algolia-search#install-api-client?s=3"
                >
                  <li
                    class="searchResults-hit--subsection"
                  >
                    <div
                      class="searchResults-hit--order"
                    >
                      3
                    </div>
                    Install API client
                  </li>
                </a>
                <a
                  href="devlogs/algolia-search#structure-your-data?s=7"
                >
                  <li
                    class="searchResults-hit--subsection"
                  >
                    <div
                      class="searchResults-hit--order"
                    >
                      4
                    </div>
                    Structure your data
                  </li>
                </a>
                <a
                  href="devlogs/algolia-search#push-your-data?s=4"
                >
                  <li
                    class="searchResults-hit--subsection"
                  >
                    <div
                      class="searchResults-hit--order"
                    >
                      5
                    </div>
                    Push your data
                  </li>
                </a>
                <a
                  href="devlogs/algolia-search#composing-a-custom-executor?s=3"
                >
                  <li
                    class="searchResults-hit--subsection"
                  >
                    <div
                      class="searchResults-hit--order"
                    >
                      6
                    </div>
                    Composing a custom executor
                  </li>
                </a>
                <a
                  href="devlogs/algolia-search#building-our-search-ui?s=3"
                >
                  <li
                    class="searchResults-hit--subsection"
                  >
                    <div
                      class="searchResults-hit--order"
                    >
                      7
                    </div>
                    Building our search UI
                  </li>
                </a>
                <a
                  href="devlogs/algolia-search#adding-instantsearch-to-your-app?s=2"
                >
                  <li
                    class="searchResults-hit--subsection"
                  >
                    <div
                      class="searchResults-hit--order"
                    >
                      8
                    </div>
                    Adding InstantSearch to your app
                  </li>
                </a>
                <a
                  href="devlogs/algolia-search#algolia-widgets?s=1"
                >
                  <li
                    class="searchResults-hit--subsection"
                  >
                    <div
                      class="searchResults-hit--order"
                    >
                      9
                    </div>
                    Algolia widgets
                  </li>
                </a>
                <a
                  href="devlogs/algolia-search#custom-components?s=3"
                >
                  <li
                    class="searchResults-hit--subsection"
                  >
                    <div
                      class="searchResults-hit--order"
                    >
                      10
                    </div>
                    Custom components
                  </li>
                </a>
              </ul>
            </li>
            <li
              class="searchResults-hit--bucket"
            >
              <a
                href="configuration/documentation"
              >
                <div
                  class="searchResults-hit--article"
                >
                  <div
                    class="searchResults-hit--article-bg"
                  />
                  Documentation Setup
                </div>
              </a>
              <ul
                class="searchResults-hit--listOfSubsections"
              >
                <a
                  href="configuration/documentation#configuring-algolia-search?s=1"
                >
                  <li
                    class="searchResults-hit--subsection"
                  >
                    <div
                      class="searchResults-hit--order"
                    >
                      11
                    </div>
                    Configuring Algolia search
                  </li>
                </a>
                <a
                  href="configuration/documentation#updating-search-data?s=7"
                >
                  <li
                    class="searchResults-hit--subsection"
                  >
                    <div
                      class="searchResults-hit--order"
                    >
                      12
                    </div>
                    Updating search data
                  </li>
                </a>
              </ul>
            </li>
            <li
              class="searchResults-hit--bucket"
            >
              <a
                href="devlogs/reader-mode-fixes"
              >
                <div
                  class="searchResults-hit--article"
                >
                  <div
                    class="searchResults-hit--article-bg"
                  />
                  Optimizing for reader mode across browsers
                </div>
              </a>
              <ul
                class="searchResults-hit--listOfSubsections"
              >
                <a
                  href="devlogs/reader-mode-fixes#structural-factors?s=2"
                >
                  <li
                    class="searchResults-hit--subsection"
                  >
                    <div
                      class="searchResults-hit--order"
                    >
                      13
                    </div>
                    Structural factors
                  </li>
                </a>
                <a
                  href="devlogs/reader-mode-fixes#linguistic-filtering?s=2"
                >
                  <li
                    class="searchResults-hit--subsection"
                  >
                    <div
                      class="searchResults-hit--order"
                    >
                      14
                    </div>
                    Linguistic filtering
                  </li>
                </a>
              </ul>
            </li>
            <li
              class="searchResults-hit--bucket"
            >
              <a
                href="introduction"
              >
                <div
                  class="searchResults-hit--article"
                >
                  <div
                    class="searchResults-hit--article-bg"
                  />
                  Introduction to Nx-DOS
                </div>
              </a>
              <ul
                class="searchResults-hit--listOfSubsections"
              >
                <a
                  href="introduction#stack-overview?s=3"
                >
                  <li
                    class="searchResults-hit--subsection"
                  >
                    <div
                      class="searchResults-hit--order"
                    >
                      15
                    </div>
                    Stack overview
                  </li>
                </a>
              </ul>
            </li>
          </ul>
        </div>
      </div>
      <div
        class="searchResultsHeaderContainer searchResultsHeaderContainer "
      >
        <div
          class="searchResultsHeaderContainer--clickZone sm:!right-[5ch]  max-sm:!right-[5ch]"
          data-testid="searchResultsHeader--clickZone"
        />
        <span
          class="searchResultsDropdownBullet"
        >
          ▼
        </span>
        <span
          class=" sm:!opacity-0 sm:![pointer-events:none] searchResults--noResultsBullet"
        />
        <span
          class="searchResultsPaginationFrame   searchResultsPagination--firstPage "
          data-testid="searchResultsPagination--firstPageIndicator"
        >
          <span
            class="searchResultsPagination "
          >
            <div
              class="searchResultsPagination--prevPage"
              data-testid="searchResultsPagination--previousPageButton"
            >
              &lt;
            </div>
            <span
              class="max-sm:hidden !block"
            >
              <span
                class="searchResultsPagination--number"
              >
                1
              </span>
              <span
                class="searchResultsPagination--separator"
              >
                -
              </span>
              <span
                class="searchResultsPagination--number"
              >
                15
              </span>
            </span>
            <div
              class="searchResultsPagination--nextPage"
              data-testid="searchResultsPagination--nextPageButton"
            >
              &gt;
            </div>
          </span>
          <span
            class="searchResultsPagination--numberCaption"
          >
             of 
          </span>
        </span>
        <span
          class="searchResultsPagination--numberCaption--alt   "
        >
          <span
            class="searchResultsPagination--number"
          >
            34
          </span>
           search results
          <span
            class="hitsIndicator"
            data-testid="hitsIndicator"
          />
        </span>
        <span
          class=""
          data-testid="searchResults--clearButton"
        >
          <svg
            aria-hidden="true"
            class="searchResults--clearButton"
            viewBox="0 0 20 20"
          >
            <path
              d="M8.114 10L.944 2.83 0 1.885 1.886 0l.943.943L10 8.113l7.17-7.17.944-.943L20 1.886l-.943.943-7.17 7.17 7.17 7.17.943.944L18.114 20l-.943-.943-7.17-7.17-7.17 7.17-.944.943L0 18.114l.943-.943L8.113 10z"
            />
          </svg>
        </span>
      </div>
    </div>
  </div>
</DocumentFragment>
`;
