// Jest Snapshot v1, https://goo.gl/fbAQLP

exports[`Nxdos - Documentation Site - UI - Common - components, Banner should match snapshot correctly 1`] = `
<DocumentFragment>
  <div
    class="bannerWrapper"
    data-testid="bannerWrapper"
    style=""
  >
    <style>
      :root {
 --theme-red-hue--input: 35.125;
 --theme-green-hue--input: 43.08;
 --theme-blue-hue--input: 100;
  }
    </style>
    <div
      class="bannerWrapperBgRadialGradient absolute w-[100%] h-[100%] flex justify-center grid content-center"
    />
    <div
      class="bannerWrapperBg"
    />
    <div
      class="bannerFrame"
    >
      <div
        class="bannerSpacer"
      />
      <div
        class="banner"
      >
        <div
          class="banner--section"
          style="--shadow-layer-ratio: 1;"
        >
          <div
            class="banner-alt--shadow"
          >
            <div
              class="banner-alt--shadow-drop"
            />
            <div
              class="banner-alt--shadow-bg"
            />
            <div
              class="banner--section--shadowCloneMaskLayer"
            >
              <div
                class="banner--section"
                style="--shadow-layer-ratio: 0;"
              >
                <div
                  class="banner-alt--shadow"
                >
                  <div
                    class="banner--section--shadowCloneMaskLayer"
                  />
                  <div
                    class="banner--header"
                  >
                    <div
                      class="banner-alt--header--bg-pattern--reflection"
                    />
                  </div>
                </div>
                <div
                  class="luminousBorder"
                >
                  <div
                    class="luminousBorderBackgroundIllumination"
                  >
                    <div
                      class="luminousBorder-left"
                    />
                    <div
                      class="luminousBorder-top"
                    />
                  </div>
                </div>
                <div
                  class="banner--innerFrame banner-alt--innerFrame"
                >
                  <div
                    class="luminousBorder"
                  >
                    <div
                      class="luminousBorderSurfaceReflection"
                    >
                      <div
                        class="luminousBorder-left"
                      />
                      <div
                        class="luminousBorder-top"
                      />
                    </div>
                  </div>
                  <div
                    class="banner--header"
                  >
                    <div
                      class="banner--logo-group"
                    >
                      <div
                        class="banner--header-logo"
                      />
                      <div
                        class="banner--logo-group--animationLayer"
                      />
                      <div
                        class="banner--logo-group--brightnessFilter"
                      />
                      <div
                        class="banner--logo-clickZone"
                      />
                      <div
                        class="banner--logo-group--hoverLayer"
                      />
                    </div>
                    <div
                      class="banner--header-caption"
                    >
                      Nx starter guide
                      <br />
                    </div>
                    <div
                      class="banner--header-caption--glowLayer"
                    >
                      <div
                        class="banner--header-caption--glowLayer-bg"
                      />
                      Nx starter guide
                      <br />
                    </div>
                    <a
                      href="/nxdos/introduction"
                    >
                      <div
                        class="banner--header-button"
                      >
                        <div
                          class="banner--header-button-label"
                        >
                          documentation
                        </div>
                      </div>
                    </a>
                    <a
                      href="https://github.com/PestoSaaS/Nx-DOS"
                      rel="noopener noreferrer"
                      target="_blank"
                    >
                      <div
                        class="banner--header-button iconButton"
                      >
                        <div />
                      </div>
                    </a>
                  </div>
                  <div
                    class="banner--caption"
                  >
                    OSS stack template for multiplatform apps, curated with micro SaaS projects in mind.
                    <br />
                    <div
                      class="banner--caption--glowLayer"
                    >
                      OSS stack template for multiplatform apps, curated with micro SaaS projects in mind.
                    </div>
                  </div>
                  <div
                    class="luminousBorder"
                  >
                    <div
                      class="luminousBorderBaseLayer"
                    >
                      <div
                        class="luminousBorder-left"
                      />
                      <div
                        class="luminousBorder-top"
                      />
                    </div>
                    <div
                      class="luminousBorderLowerBlurLayer"
                    >
                      <div
                        class="luminousBorder-left"
                      />
                      <div
                        class="luminousBorder-top"
                      />
                    </div>
                    <div
                      class="luminousBorderUpperBlurLayer"
                    >
                      <div
                        class="luminousBorder-left"
                      />
                      <div
                        class="luminousBorder-top"
                      />
                    </div>
                    <div
                      class="luminousBorderFrontLayer"
                    >
                      <div
                        class="luminousBorder-left"
                      />
                      <div
                        class="luminousBorder-top"
                      />
                    </div>
                  </div>
                </div>
              </div>
            </div>
            <div
              class="banner--header"
            >
              <div
                class="banner-alt--header--bg-pattern--reflection"
              />
            </div>
          </div>
          <div
            class="luminousBorder"
          >
            <div
              class="luminousBorderBackgroundIllumination"
            >
              <div
                class="luminousBorder-left"
              />
              <div
                class="luminousBorder-top"
              />
            </div>
          </div>
          <div
            class="banner--innerFrame banner-alt--innerFrame"
          >
            <div
              class="luminousBorder"
            >
              <div
                class="luminousBorderSurfaceReflection"
              >
                <div
                  class="luminousBorder-left"
                />
                <div
                  class="luminousBorder-top"
                />
              </div>
            </div>
            <div
              class="banner--header"
            >
              <div
                class="banner-alt--header--bg-pattern--reflection"
              />
              <div
                class="banner-alt--header--bg-pattern"
              />
              <div
                class="banner--logo-group--blur"
              >
                <div
                  class="banner--header-logo"
                />
                <div
                  class="banner--logo-group banner--logo-group--glowLayer"
                >
                  <div
                    class="banner--header-logo"
                  />
                  <div
                    class="banner--logo-group--animationLayer"
                  />
                </div>
              </div>
              <div
                class="banner--logo-group"
              >
                <div
                  class="banner--header-logo"
                />
                <div
                  class="banner--logo-group--animationLayer"
                />
                <div
                  class="banner--logo-group--brightnessFilter"
                />
                <div
                  class="banner--logo-clickZone"
                />
                <div
                  class="banner--logo-group--hoverLayer"
                />
              </div>
              <div
                class="banner--header-caption"
              >
                Nx starter guide
                <br />
              </div>
              <div
                class="banner--header-caption--glowLayer"
              >
                <div
                  class="banner--header-caption--glowLayer-bg"
                />
                Nx starter guide
                <br />
              </div>
              <a
                href="/nxdos/introduction"
              >
                <div
                  class="banner--header-button"
                >
                  <div
                    class="banner--header-button-label"
                  >
                    documentation
                  </div>
                </div>
              </a>
              <a
                href="https://github.com/PestoSaaS/Nx-DOS"
                rel="noopener noreferrer"
                target="_blank"
              >
                <div
                  class="banner--header-button iconButton"
                >
                  <div />
                </div>
              </a>
            </div>
            <div
              class="banner--caption"
            >
              OSS stack template for multiplatform apps, curated with micro SaaS projects in mind.
              <br />
              <div
                class="banner--caption--glowLayer"
              >
                OSS stack template for multiplatform apps, curated with micro SaaS projects in mind.
              </div>
            </div>
            <div
              class="luminousBorder"
            >
              <div
                class="luminousBorderBaseLayer"
              >
                <div
                  class="luminousBorder-left"
                />
                <div
                  class="luminousBorder-top"
                />
              </div>
              <div
                class="luminousBorderLowerBlurLayer"
              >
                <div
                  class="luminousBorder-left"
                />
                <div
                  class="luminousBorder-top"
                />
              </div>
              <div
                class="luminousBorderUpperBlurLayer"
              >
                <div
                  class="luminousBorder-left"
                />
                <div
                  class="luminousBorder-top"
                />
              </div>
              <div
                class="luminousBorderFrontLayer"
              >
                <div
                  class="luminousBorder-left"
                />
                <div
                  class="luminousBorder-top"
                />
              </div>
            </div>
          </div>
        </div>
        <div
          class="banner--section"
          style="z-index: 10; --shadow-layer-ratio: 1;"
        >
          <div
            class="banner-alt--shadow"
          >
            <div
              class="banner-alt--shadow-drop"
            />
            <div
              class="banner-alt--shadow-bg"
            />
          </div>
          <div
            class="banner--innerFrame"
          >
            <div
              class="banner--toc"
            >
              <object
                aria-hidden="true"
                class="lineBorderFrame lineBorderFrame"
              >
                <div
                  class="lineBorder-corner lineBorder-corner--top-left"
                />
                <div
                  class="lineBorder-corner lineBorder-corner--top-right"
                />
                <div
                  class="lineBorder-corner lineBorder-corner--bottom-left"
                />
                <div
                  class="lineBorder-corner lineBorder-corner--bottom-right"
                />
                <div
                  class="lineBorder--top lineBorder"
                >
                  ──────────────────────────────────────────────────────────────────────────────────────────────────────────────────────────────────────────────────────
                </div>
                <div
                  class="lineBorder--bottom lineBorder"
                >
                  ──────────────────────────────────────────────────────────────────────────────────────────────────────────────────────────────────────────────────────
                </div>
                <object
                  class="lineBorder--left lineBorder"
                >
                  ││││││││││││││││││││││││││││││││││││││││││││││││││││││││││││││││││││││││││││││││││││││││││││││││││││││││││││││││││││││││││││││││││││││││││││││││││││││
                </object>
                <object
                  class="lineBorder--right lineBorder"
                >
                  ││││││││││││││││││││││││││││││││││││││││││││││││││││││││││││││││││││││││││││││││││││││││││││││││││││││││││││││││││││││││││││││││││││││││││││││││││││││
                </object>
              </object>
              <div
                class="banner--toc--title-frame"
              >
                <div
                  class="banner--toc--title-label"
                >
                  v 0.0.1
                </div>
              </div>
              <div
                class="tocFrame"
              >
                <a
                  href="/nxdos/acknowledgements#contributing"
                >
                  <li
                    class="banner--tocItem"
                  >
                    <span
                      class="banner--tocItem-labelInset"
                    />
                    <span
                      class="banner--tocItem-label"
                    >
                      <span
                        class="banner--tocItem-hoverMarker"
                      >
                        [
                      </span>
                      <span
                        class="banner--tocItem-label--text"
                      >
                        pre-release / contributions welcome
                      </span>
                      <span
                        class="banner--tocItem-hoverMarker"
                      >
                        ]
                      </span>
                    </span>
                  </li>
                </a>
              </div>
            </div>
          </div>
        </div>
      </div>
      <div
        class="bannerSpacer"
      />
    </div>
  </div>
</DocumentFragment>
`;
