// Jest Snapshot v1, https://goo.gl/fbAQLP

exports[`Nxdos - Documentation Site - UI - Common - components, Header should match snapshot correctly 1`] = `
<DocumentFragment>
  <div
    class="headerContainer max-sm:[pointer-events:none]"
  >
    <div
      class="headerBg"
    >
      <div
        class="headerBg-gradientLayer"
      />
      <div
        class="headerBg-blurLayer"
      >
        <div
          class="headerBg-blurLayer"
        >
          <div
            class="headerBg-blurLayer"
          >
            <div
              class="headerBg-blurLayer"
            >
              <div
                class="headerBg-blurLayer"
              >
                <div
                  class="headerBg-blurLayer"
                >
                  <div
                    class="headerBg-blurLayer"
                  >
                    <div
                      class="headerBg-blurLayer"
                    >
                      <div
                        class="headerBg-blurLayer"
                      >
                        <div
                          class="headerBg-blurLayer"
                        >
                          <div
                            class="headerBg-blurLayer"
                          >
                            <div
                              class="headerBg-blurLayer"
                            >
                              <div
                                class="headerBg-blurLayer"
                              >
                                <div
                                  class="headerBg-blurLayer"
                                >
                                  <div
                                    class="headerBg-blurLayer"
                                  />
                                </div>
                              </div>
                            </div>
                          </div>
                        </div>
                      </div>
                    </div>
                  </div>
                </div>
              </div>
            </div>
          </div>
        </div>
      </div>
    </div>
    <div
      class="breadcrumbsContainer max-w-[calc(100%-var(--header-breadcrumbs-right-margin))]  lg:max-w-[var(--max-width-after-bp-large)]  max-sm:opacity-[0] max-sm:[pointer-events:none] "
    >
      <div
        class="breadcrumbsList--overflowSign"
      >
        &gt; 
      </div>
      <div
        class="breadcrumbsListWrapper"
      >
        <div
          class="breadcrumbsList"
        >
          <div
            class="breadcrumb"
          >
            <span
              class="breadcrumbLabel"
            >
              introduction
            </span>
          </div>
          <div
            class="breadcrumb"
          >
            <span
              class="breadcrumbLabel"
            >
              nxdos
            </span>
          </div>
          <div
            class="breadcrumbSeparator"
          />
          <div
            class="breadcrumb breadcrumb--root"
          >
             
            <span
              class="breadcrumbLabel"
            >
              <span
                class="breadcrumbLabelTilda"
              >
                <span
                  class="breadcrumbLabelMask"
                />
                 ~
              </span>
            </span>
          </div>
        </div>
      </div>
    </div>
  </div>
</DocumentFragment>
`;
