// Jest Snapshot v1, https://goo.gl/fbAQLP

exports[`Nxdos - Documentation Site - UI - Common - components, Sidebar should match snapshot correctly 1`] = `
<DocumentFragment>
  <div
    class="sidebarWrapper fixed hidden sm:opacity-[1] w-full sm:w-auto sm:static "
  >
    <div
      class="sidebarFrame  max-sm:opacity-[1] !translate-x-[calc(-1*var(--sidebar-width))] max-sm:!w-[unset] sm:w-0   "
    >
      <nav
        class="sidebar sticky sm:absolute"
        data-testid="sidebar"
      >
        <div
          class="sidebarHeader"
        >
          <div
            class="logo"
          />
          <span
            class="menuLogoButton"
            data-testid="sidebarHeaderClickHandler--toggle"
          >
            <span
              class="menuLogoCaption"
            >
              Nx starter guide
            </span>
          </span>
          <a
            class="sidebarHeaderButton"
            href="/"
          >
            ╔════════╗
            <br />
            ║        ║
            <br />
            <span
              class="versionNumberCaption"
            >
              0.0.1
            </span>
            ╚════════╝
            <br />
          </a>
          <a
            class="sidebarHeaderButton"
            href="https://github.com/PestoSaaS/Nx-DOS"
            rel="noopener noreferrer"
            target="_blank"
          >
            ╔═══╗
            <br />
            ║ 
            <div
              class="sidebarHeaderButtonIconFrame"
            >
              <div
                class="sidebarHeaderButtonIconInnerFrame"
              >
                <div
                  class="sidebarHeaderButtonIcon"
                >
                  <div />
                </div>
              </div>
            </div>
             ║
            <br />
            ╚═══╝
            <br />
          </a>
          <br />
          <div
            class="logoLowerSideClickZone"
            data-testid="sidebarHeaderClickHandler--changeTheme"
          >
            <div
              class="logoLowerSideFrame"
            >
              <div
                class="logo--masked"
              />
              <div
                class="logo--masked logo--masked--hoverLayer"
              />
              <div
                class="logoMaskWrapper"
              >
                <div
                  class="logoMaskOverlayPatch"
                />
                <div
                  class="logoMaskOverlayPatch--renderGlitchPatch1"
                />
                <div
                  class="logoMaskOverlayPatch--renderGlitchPatch2"
                />
              </div>
            </div>
          </div>
        </div>
        <div
          class="searchComponentFrame"
        >
          <div
            class="searchComponentFrameBg"
          />
          <div
            class="separator"
          >
            ▒▒▒▒▒▒▒▒▒▒▒▒▒▒▒▒▒▒▒▒▒▒▒▒▒▒▒▒▒
          </div>
          <div
            class="searchComponentCore"
          >
            <div
              class="asciiBorder"
            >
              ▒▒
            </div>
            <div
              class="searchFieldSpacer"
            >
              <div
                class="ais-SearchBox"
              >
                <form
                  action=""
                  class="ais-SearchBox-form searchFieldFrame"
                  novalidate=""
                  role="search"
                >
                  <input
                    aria-label="Search"
                    autocapitalize="off"
                    autocomplete="off"
                    autocorrect="off"
                    class="ais-SearchBox-input searchField searchField"
                    maxlength="512"
                    placeholder="search"
                    spellcheck="false"
                    type="search"
                    value=""
                  />
                  <button
                    class="ais-SearchBox-submit searchFieldSubmitButton"
                    title="Submit the search query"
                    type="submit"
                  >
                    <svg
                      aria-hidden="true"
                      class="ais-SearchBox-submitIcon searchFieldIcon"
                      height="10"
                      viewBox="0 0 40 40"
                      width="10"
                    >
                      <path
                        d="M26.804 29.01c-2.832 2.34-6.465 3.746-10.426 3.746C7.333 32.756 0 25.424 0 16.378 0 7.333 7.333 0 16.378 0c9.046 0 16.378 7.333 16.378 16.378 0 3.96-1.406 7.594-3.746 10.426l10.534 10.534c.607.607.61 1.59-.004 2.202-.61.61-1.597.61-2.202.004L26.804 29.01zm-10.426.627c7.323 0 13.26-5.936 13.26-13.26 0-7.32-5.937-13.257-13.26-13.257C9.056 3.12 3.12 9.056 3.12 16.378c0 7.323 5.936 13.26 13.258 13.26z"
                      />
                    </svg>
                  </button>
                  <button
                    class="ais-SearchBox-reset searchFieldResetButton"
                    hidden=""
                    title="Clear the search query"
                    type="reset"
                  >
                    <svg
                      aria-hidden="true"
                      class="ais-SearchBox-resetIcon searchFieldResetIcon"
                      height="10"
                      viewBox="0 0 20 20"
                      width="10"
                    >
                      <path
                        d="M8.114 10L.944 2.83 0 1.885 1.886 0l.943.943L10 8.113l7.17-7.17.944-.943L20 1.886l-.943.943-7.17 7.17 7.17 7.17.943.944L18.114 20l-.943-.943-7.17-7.17-7.17 7.17-.944.943L0 18.114l.943-.943L8.113 10z"
                      />
                    </svg>
                  </button>
                  <span
                    class="ais-SearchBox-loadingIndicator"
                    hidden=""
                  >
                    <svg
                      aria-hidden="true"
                      aria-label="Results are loading"
                      class="ais-SearchBox-loadingIcon"
                      height="16"
                      stroke="#444"
                      viewBox="0 0 38 38"
                      width="16"
                    >
                      <g
                        fill="none"
                        fill-rule="evenodd"
                      >
                        <g
                          stroke-width="2"
                          transform="translate(1 1)"
                        >
                          <circle
                            cx="18"
                            cy="18"
                            r="18"
                            stroke-opacity=".5"
                          />
                          <path
                            d="M36 18c0-9.94-8.06-18-18-18"
                          >
                            <animatetransform
                              attributeName="transform"
                              dur="1s"
                              from="0 18 18"
                              repeatCount="indefinite"
                              to="360 18 18"
                              type="rotate"
                            />
                          </path>
                        </g>
                      </g>
                    </svg>
                  </span>
                </form>
              </div>
            </div>
            <div
              class="asciiBorder"
            >
              ▒▒
            </div>
          </div>
          <div
            class="separator"
          >
            ▒▒▒▒▒▒▒▒▒▒▒▒▒▒▒▒▒▒▒▒▒▒▒▒▒▒▒▒▒
          </div>
        </div>
        <div
          class="sidebarContent"
        >
          <div
            class="menuItems"
          >
            <br />
            <div>
              <div
                class="navMenuItem false"
                data-testid="nav-nxdos"
                style="--menu-item-offset: 0;"
              >
                <div
                  class="folder folder--open"
                >
                  <span
                    class="folderPathIndicatorAlt"
                  >
                    <span
                      class="folderPathIndicator--firstLetter"
                    >
                       
                    </span>
                    <span
                      class="folderPathIndicator--secondLetter"
                    >
                      ─
                    </span>
                  </span>
                  <span
                    class="folderPathIndicator"
                  >
                    <span
                      class="folderPathIndicator--firstLetter"
                    >
                       
                    </span>
                    <span
                      class="folderPathIndicator--secondLetter"
                    >
                      ─
                    </span>
                  </span>
                  <span
                    class="folderPathSpacer"
                  >
                    │
                  </span>
                  <span
                    class="navMenuFolderBullet navMenuFolderBullet--open"
                  >
                    ▼
                  </span>
                  <span
                    class="navMenuFolderLabel"
                  >
                    <div
                      class="navItemFrameAreaExtension"
                    />
                    <span
                      class="navMenuFolder-hoverMarker"
                    >
                       
                    </span>
                    <span
                      class="menuItemLabelText"
                    >
                      Nx-DOS
                    </span>
                  </span>
                </div>
                <div
                  class="connectorFrame"
                >
                  ││││││││││││││││││││││││││││││││││││││││││││││││││││││││││││││││││││││││││││││││││││││││││││││││││││
                </div>
                <div
                  class="connectorMask"
                >
                  ││││││││││││││││││││││││││││││││││││││││││││││││││││││││││││││││││││││││││││││││││││││││││││││││││││
                </div>
                <div
                  class="open"
                >
                  <div
                    class="navItemFrame"
                  >
                    <div
                      class="navMenuItem leafNodeMenuItem activeLinkMenuItem"
                      data-testid="nav-introduction"
                      style="--menu-item-offset: 1;"
                    >
                      <a
                        data-testid="nav-clickHandler-introduction"
                        href="introduction"
                      >
                        <span
                          class="folderPathIndicator"
                        >
                          <span
                            class="folderPathIndicator--firstLetter"
                          >
                             
                            <span
                              class="folderPathIndicator--hoverLayer"
                            >
                              └
                            </span>
                          </span>
                          <span
                            class="folderPathIndicator--secondLetter itemPathIndicator"
                          >
                            ─
                          </span>
                        </span>
                        <span
                          class="folderPathSpacer"
                        >
                          │
                        </span>
                        <span
                          class="navMenuItemBullet"
                        >
                          ∙
                        </span>
                        <span
                          class="navMenuItemLabel"
                        >
                          <div
                            class="navItemFrameAreaExtension"
                          />
                          <span
                            class="navMenuItem-hoverMarker"
                          >
                            [
                          </span>
                          <span
                            class="menuItemLabelText"
                          >
                            introduction
                          </span>
                          <span
                            class="navMenuItem-hoverMarker"
                          >
                            ]
                          </span>
                        </span>
                      </a>
                      <div
                        class="connectorFrame"
                      >
                        ││││││││││││││││││││││││││││││││││││││││││││││││││││││││││││││││││││││││││││││││││││││││││││││││││││
                      </div>
                      <div
                        class="connectorMask"
                      >
                        ││││││││││││││││││││││││││││││││││││││││││││││││││││││││││││││││││││││││││││││││││││││││││││││││││││
                      </div>
                      <div
                        class="open"
                      />
                    </div>
                  </div>
                  <div
                    class="navItemFrame"
                  >
                    <div
                      class="connectorEndPiece"
                    >
                      └─
                    </div>
                    <div
                      class="navMenuItem false"
                      data-testid="nav-nxdos/configuration"
                      style="--menu-item-offset: 1;"
                    >
                      <div
                        class="folder folder--open"
                      >
                        <span
                          class="folderPathIndicatorAlt"
                        >
                          <span
                            class="folderPathIndicator--firstLetter"
                          >
                             
                          </span>
                          <span
                            class="folderPathIndicator--secondLetter"
                          >
                            ─
                          </span>
                        </span>
                        <span
                          class="folderPathIndicator"
                        >
                          <span
                            class="folderPathIndicator--firstLetter"
                          >
                             
                          </span>
                          <span
                            class="folderPathIndicator--secondLetter"
                          >
                            ─
                          </span>
                        </span>
                        <span
                          class="folderPathSpacer"
                        >
                          │
                        </span>
                        <span
                          class="navMenuFolderBullet navMenuFolderBullet--open"
                        >
                          ▼
                        </span>
                        <span
                          class="navMenuFolderLabel"
                        >
                          <div
                            class="navItemFrameAreaExtension"
                          />
                          <span
                            class="navMenuFolder-hoverMarker"
                          >
                             
                          </span>
                          <span
                            class="menuItemLabelText"
                          >
                            configuration
                          </span>
                        </span>
                      </div>
                      <div
                        class="connectorFrame"
                      >
                        ││││││││││││││││││││││││││││││││││││││││││││││││││││││││││││││││││││││││││││││││││││││││││││││││││││
                      </div>
                      <div
                        class="connectorMask"
                      >
                        ││││││││││││││││││││││││││││││││││││││││││││││││││││││││││││││││││││││││││││││││││││││││││││││││││││
                      </div>
                      <div
                        class="open"
                      >
                        <div
                          class="navItemFrame"
                        >
                          <div
                            class="navMenuItem leafNodeMenuItem"
                            data-testid="nav-configuration/documentation"
                            style="--menu-item-offset: 2;"
                          >
                            <a
                              data-testid="nav-clickHandler-configuration/documentation"
                              href="configuration/documentation"
                            >
                              <span
                                class="folderPathIndicator"
                              >
                                <span
                                  class="folderPathIndicator--firstLetter"
                                >
                                   
                                  <span
                                    class="folderPathIndicator--hoverLayer"
                                  >
                                    └
                                  </span>
                                </span>
                                <span
                                  class="folderPathIndicator--secondLetter itemPathIndicator"
                                >
                                  ─
                                </span>
                              </span>
                              <span
                                class="folderPathSpacer"
                              >
                                │
                              </span>
                              <span
                                class="navMenuItemBullet"
                              >
                                ∙
                              </span>
                              <span
                                class="navMenuItemLabel"
                              >
                                <div
                                  class="navItemFrameAreaExtension"
                                />
                                <span
                                  class="navMenuItem-hoverMarker"
                                >
                                  [
                                </span>
                                <span
                                  class="menuItemLabelText"
                                >
                                  documentation
                                </span>
                                <span
                                  class="navMenuItem-hoverMarker"
                                >
                                  ]
                                </span>
                              </span>
                            </a>
                            <div
                              class="connectorFrame"
                            >
                              ││││││││││││││││││││││││││││││││││││││││││││││││││││││││││││││││││││││││││││││││││││││││││││││││││││
                            </div>
                            <div
                              class="connectorMask"
                            >
                              ││││││││││││││││││││││││││││││││││││││││││││││││││││││││││││││││││││││││││││││││││││││││││││││││││││
                            </div>
                            <div
                              class="open"
                            />
                          </div>
                        </div>
                        <div
                          class="navItemFrame"
                        >
                          <div
                            class="connectorEndPiece"
                          >
                            └─
                          </div>
                          <div
                            class="navMenuItem leafNodeMenuItem"
                            data-testid="nav-configuration/usage-metrics"
                            style="--menu-item-offset: 2;"
                          >
                            <a
                              data-testid="nav-clickHandler-configuration/usage-metrics"
                              href="configuration/usage-metrics"
                            >
                              <span
                                class="folderPathIndicator"
                              >
                                <span
                                  class="folderPathIndicator--firstLetter"
                                >
                                   
                                  <span
                                    class="folderPathIndicator--hoverLayer"
                                  >
                                    └
                                  </span>
                                </span>
                                <span
                                  class="folderPathIndicator--secondLetter itemPathIndicator"
                                >
                                  ─
                                </span>
                              </span>
                              <span
                                class="folderPathSpacer"
                              >
                                │
                              </span>
                              <span
                                class="navMenuItemBullet"
                              >
                                ∙
                              </span>
                              <span
                                class="navMenuItemLabel"
                              >
                                <div
                                  class="navItemFrameAreaExtension"
                                />
                                <span
                                  class="navMenuItem-hoverMarker"
                                >
                                  [
                                </span>
                                <span
                                  class="menuItemLabelText"
                                >
                                  usage-metrics
                                </span>
                                <span
                                  class="navMenuItem-hoverMarker"
                                >
                                  ]
                                </span>
                              </span>
                            </a>
                            <div
                              class="connectorFrame"
                            >
                              ││││││││││││││││││││││││││││││││││││││││││││││││││││││││││││││││││││││││││││││││││││││││││││││││││││
                            </div>
                            <div
                              class="connectorMask"
                            >
                              ││││││││││││││││││││││││││││││││││││││││││││││││││││││││││││││││││││││││││││││││││││││││││││││││││││
                            </div>
                            <div
                              class="open"
                            />
                          </div>
                        </div>
                      </div>
                    </div>
                  </div>
                </div>
              </div>
              <br />
              <br />
            </div>
            <br />
          </div>
        </div>
      </nav>
    </div>
  </div>
</DocumentFragment>
`;
